ERROR: 0:19: 'limitation' : while loops not available 
ERROR: 0:21: 'limitation' : do-while loops not available 
ERROR: 2 compilation errors.  No code generated.


