410.tesc
Warning, version 400 is not yet complete; some version-specific features are present, but many are missing.
ERROR: 0:4: 'length' :  array must first be sized by a redeclaration or layout qualifier
ERROR: 1 compilation errors.  No code generated.


vertices = 0
ERROR: node is still EOpNull!
0:8  Function Definition: main( (void)
0:8    Function Parameters: 
0:?   Linker Objects
0:?     'outa' (1-element array of int)
0:?     'patchOut' (patch out 4-component vector of float)


Linked tessellation control stage:

ERROR: Linking tessellation control stage: At least one shader must specify an output layout(vertices=...)

vertices = 0

