Warning, version 330 is not yet complete; some version-specific features are present, but many are missing.
ERROR: 0:14: '=' :  assigning non-constant to 'const int'
ERROR: 0:17: '' : constant expression required 
ERROR: 0:17: '' : array size must be a constant integer expression 
ERROR: 0:18: '' : constant expression required 
ERROR: 0:18: '' : array size must be a constant integer expression 
ERROR: 0:19: '' : constant expression required 
ERROR: 0:19: '' : array size must be a constant integer expression 
ERROR: 0:27: '=' :  assigning non-constant to 'const structure'
ERROR: 0:33: '=' :  assigning non-constant to 'const structure'
ERROR: 9 compilation errors.  No code generated.

ERROR: node is still EOpNull!
0:10  Function Definition: main( (void)
0:10    Function Parameters: 
0:?   Linker Objects
0:?     'inVar' (smooth in 4-component vector of float)
0:?     'outVar' (out 4-component vector of float)
0:?     'constInt' (const int)
0:?       3 (const int)
0:?     'uniformInt' (uniform int)
0:?     's' (structure)
0:?     's2' (structure)

