ERROR: 0:9: 'vec5' : undeclared identifier 
ERROR: 0:9: '' :  syntax error
ERROR: 2 compilation errors.  No code generated.


